Archive member included because of file (symbol)

c:/winavr-20100110/bin/../lib/gcc/avr/4.3.3/avr5\libgcc.a(_exit.o)
                              c:/winavr-20100110/bin/../lib/gcc/avr/4.3.3/../../../../avr/lib/avr5/crtm32.o (exit)
c:/winavr-20100110/bin/../lib/gcc/avr/4.3.3/avr5\libgcc.a(_copy_data.o)
                              ./Traffic_Light.o (__do_copy_data)
c:/winavr-20100110/bin/../lib/gcc/avr/4.3.3/avr5\libgcc.a(_clear_bss.o)
                              ./TIMER.o (__do_clear_bss)

Memory Configuration

Name             Origin             Length             Attributes
text             0x00000000         0x00020000         xr
data             0x00800060         0x0000ffa0         rw !x
eeprom           0x00810000         0x00010000         rw !x
fuse             0x00820000         0x00000400         rw !x
lock             0x00830000         0x00000400         rw !x
signature        0x00840000         0x00000400         rw !x
*default*        0x00000000         0xffffffff

Linker script and memory map

LOAD c:/winavr-20100110/bin/../lib/gcc/avr/4.3.3/../../../../avr/lib/avr5/crtm32.o
LOAD ./GPIO.o
LOAD ./TIMER.o
LOAD ./Traffic_Light.o
LOAD ./app.o
LOAD ./interrupt.o
LOAD c:/winavr-20100110/bin/../lib/gcc/avr/4.3.3/avr5\libgcc.a
LOAD c:/winavr-20100110/bin/../lib/gcc/avr/4.3.3/../../../../avr/lib/avr5\libc.a
LOAD c:/winavr-20100110/bin/../lib/gcc/avr/4.3.3/avr5\libgcc.a

.hash
 *(.hash)

.dynsym
 *(.dynsym)

.dynstr
 *(.dynstr)

.gnu.version
 *(.gnu.version)

.gnu.version_d
 *(.gnu.version_d)

.gnu.version_r
 *(.gnu.version_r)

.rel.init
 *(.rel.init)

.rela.init
 *(.rela.init)

.rel.text
 *(.rel.text)
 *(.rel.text.*)
 *(.rel.gnu.linkonce.t*)

.rela.text
 *(.rela.text)
 *(.rela.text.*)
 *(.rela.gnu.linkonce.t*)

.rel.fini
 *(.rel.fini)

.rela.fini
 *(.rela.fini)

.rel.rodata
 *(.rel.rodata)
 *(.rel.rodata.*)
 *(.rel.gnu.linkonce.r*)

.rela.rodata
 *(.rela.rodata)
 *(.rela.rodata.*)
 *(.rela.gnu.linkonce.r*)

.rel.data
 *(.rel.data)
 *(.rel.data.*)
 *(.rel.gnu.linkonce.d*)

.rela.data
 *(.rela.data)
 *(.rela.data.*)
 *(.rela.gnu.linkonce.d*)

.rel.ctors
 *(.rel.ctors)

.rela.ctors
 *(.rela.ctors)

.rel.dtors
 *(.rel.dtors)

.rela.dtors
 *(.rela.dtors)

.rel.got
 *(.rel.got)

.rela.got
 *(.rela.got)

.rel.bss
 *(.rel.bss)

.rela.bss
 *(.rela.bss)

.rel.plt
 *(.rel.plt)

.rela.plt
 *(.rela.plt)

.text           0x00000000     0x10b4
 *(.vectors)
 .vectors       0x00000000       0x54 c:/winavr-20100110/bin/../lib/gcc/avr/4.3.3/../../../../avr/lib/avr5/crtm32.o
                0x00000000                __vectors
                0x00000000                __vector_default
 *(.vectors)
 *(.progmem.gcc*)
 *(.progmem*)
                0x00000054                . = ALIGN (0x2)
                0x00000054                __trampolines_start = .
 *(.trampolines)
 .trampolines   0x00000054        0x0 linker stubs
 *(.trampolines*)
                0x00000054                __trampolines_end = .
 *(.jumptables)
 *(.jumptables*)
 *(.lowtext)
 *(.lowtext*)
                0x00000054                __ctors_start = .
 *(.ctors)
                0x00000054                __ctors_end = .
                0x00000054                __dtors_start = .
 *(.dtors)
                0x00000054                __dtors_end = .
 SORT(*)(.ctors)
 SORT(*)(.dtors)
 *(.init0)
 .init0         0x00000054        0x0 c:/winavr-20100110/bin/../lib/gcc/avr/4.3.3/../../../../avr/lib/avr5/crtm32.o
                0x00000054                __init
 *(.init0)
 *(.init1)
 *(.init1)
 *(.init2)
 .init2         0x00000054        0xc c:/winavr-20100110/bin/../lib/gcc/avr/4.3.3/../../../../avr/lib/avr5/crtm32.o
 *(.init2)
 *(.init3)
 *(.init3)
 *(.init4)
 .init4         0x00000060       0x16 c:/winavr-20100110/bin/../lib/gcc/avr/4.3.3/avr5\libgcc.a(_copy_data.o)
                0x00000060                __do_copy_data
 .init4         0x00000076       0x10 c:/winavr-20100110/bin/../lib/gcc/avr/4.3.3/avr5\libgcc.a(_clear_bss.o)
                0x00000076                __do_clear_bss
 *(.init4)
 *(.init5)
 *(.init5)
 *(.init6)
 *(.init6)
 *(.init7)
 *(.init7)
 *(.init8)
 *(.init8)
 *(.init9)
 .init9         0x00000086        0x8 c:/winavr-20100110/bin/../lib/gcc/avr/4.3.3/../../../../avr/lib/avr5/crtm32.o
 *(.init9)
 *(.text)
 .text          0x0000008e        0x4 c:/winavr-20100110/bin/../lib/gcc/avr/4.3.3/../../../../avr/lib/avr5/crtm32.o
                0x0000008e                __vector_12
                0x0000008e                __bad_interrupt
                0x0000008e                __vector_6
                0x0000008e                __vector_11
                0x0000008e                __vector_13
                0x0000008e                __vector_17
                0x0000008e                __vector_19
                0x0000008e                __vector_5
                0x0000008e                __vector_4
                0x0000008e                __vector_9
                0x0000008e                __vector_15
                0x0000008e                __vector_14
                0x0000008e                __vector_10
                0x0000008e                __vector_16
                0x0000008e                __vector_18
                0x0000008e                __vector_20
 .text          0x00000092        0x0 ./GPIO.o
 .text          0x00000092        0x0 ./TIMER.o
 .text          0x00000092        0x0 ./Traffic_Light.o
 .text          0x00000092        0x0 ./app.o
 .text          0x00000092        0x0 ./interrupt.o
 .text          0x00000092        0x0 c:/winavr-20100110/bin/../lib/gcc/avr/4.3.3/avr5\libgcc.a(_exit.o)
 .text          0x00000092        0x0 c:/winavr-20100110/bin/../lib/gcc/avr/4.3.3/avr5\libgcc.a(_copy_data.o)
 .text          0x00000092        0x0 c:/winavr-20100110/bin/../lib/gcc/avr/4.3.3/avr5\libgcc.a(_clear_bss.o)
                0x00000092                . = ALIGN (0x2)
 *(.text.*)
 .text.GPIO_setupPinDirection
                0x00000092      0x1d6 ./GPIO.o
                0x00000092                GPIO_setupPinDirection
 .text.GPIO_writePin
                0x00000268      0x1d6 ./GPIO.o
                0x00000268                GPIO_writePin
 .text.GPIO_readPin
                0x0000043e      0x136 ./GPIO.o
                0x0000043e                GPIO_readPin
 .text.GPIO_setupPortDirection
                0x00000574       0x88 ./GPIO.o
                0x00000574                GPIO_setupPortDirection
 .text.GPIO_writePort
                0x000005fc       0x88 ./GPIO.o
                0x000005fc                GPIO_writePort
 .text.GPIO_readPort
                0x00000684       0x8a ./GPIO.o
                0x00000684                GPIO_readPort
 .text.__vector_7
                0x0000070e       0xb6 ./TIMER.o
                0x0000070e                __vector_7
 .text.__vector_8
                0x000007c4       0x20 ./TIMER.o
                0x000007c4                __vector_8
 .text.Timer1_Init
                0x000007e4      0x23a ./TIMER.o
                0x000007e4                Timer1_Init
 .text.Timer0_PWM_Init
                0x00000a1e       0x44 ./TIMER.o
                0x00000a1e                Timer0_PWM_Init
 .text.Timer0_PWM_Activate
                0x00000a62       0x2a ./TIMER.o
                0x00000a62                Timer0_PWM_Activate
 .text.Timer1_setCallBackOneA
                0x00000a8c       0x24 ./TIMER.o
                0x00000a8c                Timer1_setCallBackOneA
 .text.Timer1_setCallBackOneB
                0x00000ab0       0x24 ./TIMER.o
                0x00000ab0                Timer1_setCallBackOneB
 .text.TL_Init  0x00000ad4      0x10a ./Traffic_Light.o
                0x00000ad4                TL_Init
 .text.TL_PedestrianISR
                0x00000bde       0x46 ./Traffic_Light.o
                0x00000bde                TL_PedestrianISR
 .text.TL_YellowBlinking
                0x00000c24       0x4a ./Traffic_Light.o
                0x00000c24                TL_YellowBlinking
 .text.TL_NormalSystemISR
                0x00000c6e      0x114 ./Traffic_Light.o
                0x00000c6e                TL_NormalSystemISR
 .text.Initializer
                0x00000d82       0x20 ./app.o
                0x00000d82                Initializer
 .text.APP_start
                0x00000da2       0x12 ./app.o
                0x00000da2                APP_start
 .text.main     0x00000db4        0xe ./app.o
                0x00000db4                main
 .text.__vector_1
                0x00000dc2       0x66 ./interrupt.o
                0x00000dc2                __vector_1
 .text.__vector_2
                0x00000e28       0x66 ./interrupt.o
                0x00000e28                __vector_2
 .text.__vector_3
                0x00000e8e       0x66 ./interrupt.o
                0x00000e8e                __vector_3
 .text.INT0_Init
                0x00000ef4       0x68 ./interrupt.o
                0x00000ef4                INT0_Init
 .text.INT1_Init
                0x00000f5c       0x6c ./interrupt.o
                0x00000f5c                INT1_Init
 .text.INT2_Init
                0x00000fc8       0x7c ./interrupt.o
                0x00000fc8                INT2_Init
 .text.INT0_setCallBack
                0x00001044       0x24 ./interrupt.o
                0x00001044                INT0_setCallBack
 .text.INT1_setCallBack
                0x00001068       0x24 ./interrupt.o
                0x00001068                INT1_setCallBack
 .text.INT2_setCallBack
                0x0000108c       0x24 ./interrupt.o
                0x0000108c                INT2_setCallBack
 .text.libgcc   0x000010b0        0x0 c:/winavr-20100110/bin/../lib/gcc/avr/4.3.3/avr5\libgcc.a(_exit.o)
 .text.libgcc   0x000010b0        0x0 c:/winavr-20100110/bin/../lib/gcc/avr/4.3.3/avr5\libgcc.a(_copy_data.o)
 .text.libgcc   0x000010b0        0x0 c:/winavr-20100110/bin/../lib/gcc/avr/4.3.3/avr5\libgcc.a(_clear_bss.o)
                0x000010b0                . = ALIGN (0x2)
 *(.fini9)
 .fini9         0x000010b0        0x0 c:/winavr-20100110/bin/../lib/gcc/avr/4.3.3/avr5\libgcc.a(_exit.o)
                0x000010b0                exit
                0x000010b0                _exit
 *(.fini9)
 *(.fini8)
 *(.fini8)
 *(.fini7)
 *(.fini7)
 *(.fini6)
 *(.fini6)
 *(.fini5)
 *(.fini5)
 *(.fini4)
 *(.fini4)
 *(.fini3)
 *(.fini3)
 *(.fini2)
 *(.fini2)
 *(.fini1)
 *(.fini1)
 *(.fini0)
 .fini0         0x000010b0        0x4 c:/winavr-20100110/bin/../lib/gcc/avr/4.3.3/avr5\libgcc.a(_exit.o)
 *(.fini0)
                0x000010b4                _etext = .

.data           0x00800060       0x18 load address 0x000010b4
                0x00800060                PROVIDE (__data_start, .)
 *(.data)
 .data          0x00800060        0x0 c:/winavr-20100110/bin/../lib/gcc/avr/4.3.3/../../../../avr/lib/avr5/crtm32.o
 .data          0x00800060        0x0 ./GPIO.o
 .data          0x00800060        0x0 ./TIMER.o
 .data          0x00800060        0x0 ./Traffic_Light.o
 .data          0x00800060        0x0 ./app.o
 .data          0x00800060        0x0 ./interrupt.o
 .data          0x00800060        0x0 c:/winavr-20100110/bin/../lib/gcc/avr/4.3.3/avr5\libgcc.a(_exit.o)
 .data          0x00800060        0x0 c:/winavr-20100110/bin/../lib/gcc/avr/4.3.3/avr5\libgcc.a(_copy_data.o)
 .data          0x00800060        0x0 c:/winavr-20100110/bin/../lib/gcc/avr/4.3.3/avr5\libgcc.a(_clear_bss.o)
 *(.data*)
 *(.rodata)
 *(.rodata*)
 .rodata.C.1.1457
                0x00800060        0x6 ./Traffic_Light.o
 .rodata.C.0.1456
                0x00800066       0x11 ./Traffic_Light.o
 *(.gnu.linkonce.d*)
                0x00800078                . = ALIGN (0x2)
 *fill*         0x00800077        0x1 00
                0x00800078                _edata = .
                0x00800078                PROVIDE (__data_end, .)

.bss            0x00800078        0xf
                0x00800078                PROVIDE (__bss_start, .)
 *(.bss)
 .bss           0x00800078        0x0 c:/winavr-20100110/bin/../lib/gcc/avr/4.3.3/../../../../avr/lib/avr5/crtm32.o
 .bss           0x00800078        0x0 ./GPIO.o
 .bss           0x00800078        0x0 ./TIMER.o
 .bss           0x00800078        0x0 ./Traffic_Light.o
 .bss           0x00800078        0x0 ./app.o
 .bss           0x00800078        0x0 ./interrupt.o
 .bss           0x00800078        0x0 c:/winavr-20100110/bin/../lib/gcc/avr/4.3.3/avr5\libgcc.a(_exit.o)
 .bss           0x00800078        0x0 c:/winavr-20100110/bin/../lib/gcc/avr/4.3.3/avr5\libgcc.a(_copy_data.o)
 .bss           0x00800078        0x0 c:/winavr-20100110/bin/../lib/gcc/avr/4.3.3/avr5\libgcc.a(_clear_bss.o)
 *(.bss*)
 .bss.g_callBackPtrA
                0x00800078        0x2 ./TIMER.o
 .bss.g_callBackPtrB
                0x0080007a        0x2 ./TIMER.o
 .bss.g_EnterCounter
                0x0080007c        0x1 ./TIMER.o
                0x0080007c                g_EnterCounter
 .bss.ColorState
                0x0080007d        0x1 ./Traffic_Light.o
                0x0080007d                ColorState
 .bss.g_Flag    0x0080007e        0x1 ./Traffic_Light.o
                0x0080007e                g_Flag
 .bss.e_Yellow_Flag
                0x0080007f        0x1 ./Traffic_Light.o
                0x0080007f                e_Yellow_Flag
 .bss.e_Button_Pushed
                0x00800080        0x1 ./Traffic_Light.o
                0x00800080                e_Button_Pushed
 .bss.g_callBackPtr0
                0x00800081        0x2 ./interrupt.o
 .bss.g_callBackPtr1
                0x00800083        0x2 ./interrupt.o
 .bss.g_callBackPtr2
                0x00800085        0x2 ./interrupt.o
 *(COMMON)
                0x00800087                PROVIDE (__bss_end, .)
                0x000010b4                __data_load_start = LOADADDR (.data)
                0x000010cc                __data_load_end = (__data_load_start + SIZEOF (.data))

.noinit         0x00800087        0x0
                0x00800087                PROVIDE (__noinit_start, .)
 *(.noinit*)
                0x00800087                PROVIDE (__noinit_end, .)
                0x00800087                _end = .
                0x00800087                PROVIDE (__heap_start, .)

.eeprom         0x00810000        0x0
 *(.eeprom*)
                0x00810000                __eeprom_end = .

.fuse
 *(.fuse)
 *(.lfuse)
 *(.hfuse)
 *(.efuse)

.lock
 *(.lock*)

.signature
 *(.signature*)

.stab           0x00000000     0x18f0
 *(.stab)
 .stab          0x00000000      0x888 ./GPIO.o
 .stab          0x00000888      0x54c ./TIMER.o
                                0x7e0 (size before relaxing)
 .stab          0x00000dd4      0x588 ./Traffic_Light.o
                                0x930 (size before relaxing)
 .stab          0x0000135c      0x1c8 ./app.o
                                0x444 (size before relaxing)
 .stab          0x00001524      0x3cc ./interrupt.o
                                0x6f0 (size before relaxing)

.stabstr        0x00000000     0x1619
 *(.stabstr)
 .stabstr       0x00000000     0x1619 ./GPIO.o

.stab.excl
 *(.stab.excl)

.stab.exclstr
 *(.stab.exclstr)

.stab.index
 *(.stab.index)

.stab.indexstr
 *(.stab.indexstr)

.comment
 *(.comment)

.debug
 *(.debug)

.line
 *(.line)

.debug_srcinfo
 *(.debug_srcinfo)

.debug_sfnames
 *(.debug_sfnames)

.debug_aranges
 *(.debug_aranges)

.debug_pubnames
 *(.debug_pubnames)

.debug_info
 *(.debug_info)
 *(.gnu.linkonce.wi.*)

.debug_abbrev
 *(.debug_abbrev)

.debug_line
 *(.debug_line)

.debug_frame
 *(.debug_frame)

.debug_str
 *(.debug_str)

.debug_loc
 *(.debug_loc)

.debug_macinfo
 *(.debug_macinfo)
OUTPUT(Traffic_Light.elf elf32-avr)
LOAD linker stubs
